[INFO] Scanning for projects...
[INFO] 
[INFO] ------------------< com.healthcare:lab-test-booking >-------------------
[INFO] Building Healthcare Lab Test Booking System 0.0.1-SNAPSHOT
[INFO]   from pom.xml
[INFO] --------------------------------[ jar ]---------------------------------
[INFO] 
[INFO] --- resources:3.3.1:resources (default-resources) @ lab-test-booking ---
[INFO] Copying 1 resource from src\main\resources to target\classes
[INFO] Copying 4 resources from src\main\resources to target\classes
[INFO] 
[INFO] --- compiler:3.11.0:compile (default-compile) @ lab-test-booking ---
[INFO] Changes detected - recompiling the module! :source
[INFO] Compiling 297 source files with javac [debug release 17] to target\classes
[INFO] Annotation processing is enabled because one or more processors were found
  on the class path. A future release of javac may disable annotation processing
  unless at least one processor is specified by name (-processor), or a search
  path is specified (--processor-path, --processor-module-path), or annotation
  processing is enabled explicitly (-proc:only, -proc:full).
  Use -Xlint:-options to suppress this message.
  Use -proc:none to disable annotation processing.
[INFO] /D:/CU/SEM 6/EPAM/PROJECT/backend/src/main/java/com/healthcare/labtestbooking/filter/RateLimitingFilter.java: D:\CU\SEM 6\EPAM\PROJECT\backend\src\main\java\com\healthcare\labtestbooking\filter\RateLimitingFilter.java uses or overrides a deprecated API.
[INFO] /D:/CU/SEM 6/EPAM/PROJECT/backend/src/main/java/com/healthcare/labtestbooking/filter/RateLimitingFilter.java: Recompile with -Xlint:deprecation for details.
[INFO] 
[INFO] --- resources:3.3.1:testResources (default-testResources) @ lab-test-booking ---
[INFO] Copying 1 resource from src\test\resources to target\test-classes
[INFO] 
[INFO] --- compiler:3.11.0:testCompile (default-testCompile) @ lab-test-booking ---
[INFO] Changes detected - recompiling the module! :dependency
[INFO] Compiling 16 source files with javac [debug release 17] to target\test-classes
[INFO] Annotation processing is enabled because one or more processors were found
  on the class path. A future release of javac may disable annotation processing
  unless at least one processor is specified by name (-processor), or a search
  path is specified (--processor-path, --processor-module-path), or annotation
  processing is enabled explicitly (-proc:only, -proc:full).
  Use -Xlint:-options to suppress this message.
  Use -proc:none to disable annotation processing.
[INFO] -------------------------------------------------------------
[ERROR] COMPILATION ERROR : 
[INFO] -------------------------------------------------------------
[ERROR] /D:/CU/SEM 6/EPAM/PROJECT/backend/src/test/java/com/healthcare/labtestbooking/service/ReportServiceTest.java:[78,41] cannot find symbol
  symbol:   class BigDecimal
  location: class com.healthcare.labtestbooking.service.ReportServiceTest
[ERROR] /D:/CU/SEM 6/EPAM/PROJECT/backend/src/test/java/com/healthcare/labtestbooking/service/ReportServiceTest.java:[79,41] cannot find symbol
  symbol:   class BigDecimal
  location: class com.healthcare.labtestbooking.service.ReportServiceTest
[ERROR] /D:/CU/SEM 6/EPAM/PROJECT/backend/src/test/java/com/healthcare/labtestbooking/service/ReportServiceTest.java:[80,38] cannot find symbol
  symbol:   class BigDecimal
  location: class com.healthcare.labtestbooking.service.ReportServiceTest
[ERROR] /D:/CU/SEM 6/EPAM/PROJECT/backend/src/test/java/com/healthcare/labtestbooking/service/ReportServiceTest.java:[81,39] cannot find symbol
  symbol:   class BigDecimal
  location: class com.healthcare.labtestbooking.service.ReportServiceTest
[INFO] 4 errors 
[INFO] -------------------------------------------------------------
[INFO] ------------------------------------------------------------------------
[INFO] BUILD FAILURE
[INFO] ------------------------------------------------------------------------
[INFO] Total time:  20.949 s
[INFO] Finished at: 2026-03-15T16:03:58+05:30
[INFO] ------------------------------------------------------------------------
[ERROR] Failed to execute goal org.apache.maven.plugins:maven-compiler-plugin:3.11.0:testCompile (default-testCompile) on project lab-test-booking: Compilation failure: Compilation failure: 
[ERROR] /D:/CU/SEM 6/EPAM/PROJECT/backend/src/test/java/com/healthcare/labtestbooking/service/ReportServiceTest.java:[78,41] cannot find symbol
[ERROR]   symbol:   class BigDecimal
[ERROR]   location: class com.healthcare.labtestbooking.service.ReportServiceTest
[ERROR] /D:/CU/SEM 6/EPAM/PROJECT/backend/src/test/java/com/healthcare/labtestbooking/service/ReportServiceTest.java:[79,41] cannot find symbol
[ERROR]   symbol:   class BigDecimal
[ERROR]   location: class com.healthcare.labtestbooking.service.ReportServiceTest
[ERROR] /D:/CU/SEM 6/EPAM/PROJECT/backend/src/test/java/com/healthcare/labtestbooking/service/ReportServiceTest.java:[80,38] cannot find symbol
[ERROR]   symbol:   class BigDecimal
[ERROR]   location: class com.healthcare.labtestbooking.service.ReportServiceTest
[ERROR] /D:/CU/SEM 6/EPAM/PROJECT/backend/src/test/java/com/healthcare/labtestbooking/service/ReportServiceTest.java:[81,39] cannot find symbol
[ERROR]   symbol:   class BigDecimal
[ERROR]   location: class com.healthcare.labtestbooking.service.ReportServiceTest
[ERROR] -> [Help 1]
[ERROR] 
[ERROR] To see the full stack trace of the errors, re-run Maven with the -e switch.
[ERROR] Re-run Maven using the -X switch to enable full debug logging.
[ERROR] 
[ERROR] For more information about the errors and possible solutions, please read the following articles:
[ERROR] [Help 1] http://cwiki.apache.org/confluence/display/MAVEN/MojoFailureException
